src/lib/academic-dm.server.ts(7,81): error TS2769: No overload matches this call.
src/lib/academic-dm.server.ts(7,157): error TS2345: Argument of type '"id"' is not assignable to parameter of type 'never'.
src/lib/academic-dm.server.ts(8,83): error TS2769: No overload matches this call.
src/lib/academic-dm.server.ts(8,159): error TS2345: Argument of type '"user_id"' is not assignable to parameter of type 'never'.
src/lib/academic-dm.server.ts(8,319): error TS2339: Property 'avatar_path' does not exist on type 'SelectQueryError<"column 'id' does not exist on 'app_bootstrap'."> | SelectQueryError<"column 'id' does not exist on 'appointment_calendar_sync'."> | ... 22 more ... | SelectQueryError<...>'.
src/lib/academic-dm.server.ts(8,407): error TS2339: Property 'avatar_path' does not exist on type 'SelectQueryError<"column 'id' does not exist on 'app_bootstrap'."> | SelectQueryError<"column 'id' does not exist on 'appointment_calendar_sync'."> | ... 22 more ... | SelectQueryError<...>'.
src/lib/academic-dm.server.ts(8,475): error TS2339: Property 'id' does not exist on type 'SelectQueryError<"column 'id' does not exist on 'app_bootstrap'."> | SelectQueryError<"column 'id' does not exist on 'appointment_calendar_sync'."> | ... 22 more ... | SelectQueryError<...>'.
src/lib/academic-dm.server.ts(8,503): error TS2339: Property 'username' does not exist on type 'SelectQueryError<"column 'id' does not exist on 'app_bootstrap'."> | SelectQueryError<"column 'id' does not exist on 'appointment_calendar_sync'."> | ... 22 more ... | SelectQueryError<...>'.
src/lib/academic-dm.server.ts(8,526): error TS2339: Property 'show_name' does not exist on type 'SelectQueryError<"column 'id' does not exist on 'app_bootstrap'."> | SelectQueryError<"column 'id' does not exist on 'appointment_calendar_sync'."> | ... 22 more ... | SelectQueryError<...>'.
src/lib/academic-dm.server.ts(9,86): error TS2769: No overload matches this call.
src/lib/academic-dm.server.ts(9,126): error TS2345: Argument of type '"status"' is not assignable to parameter of type 'never'.
src/lib/academic-dm.server.ts(10,99): error TS2769: No overload matches this call.
src/lib/academic-dm.server.ts(10,165): error TS2345: Argument of type '"id"' is not assignable to parameter of type 'never'.
src/lib/academic-dm.server.ts(10,216): error TS2339: Property 'user_one_id' does not exist on type 'SelectQueryError<"column 'id' does not exist on 'app_bootstrap'."> | SelectQueryError<"column 'id' does not exist on 'appointment_calendar_sync'."> | ... 22 more ... | SelectQueryError<...>'.
src/lib/academic-dm.server.ts(10,243): error TS2339: Property 'user_two_id' does not exist on type 'SelectQueryError<"column 'id' does not exist on 'app_bootstrap'."> | SelectQueryError<"column 'id' does not exist on 'appointment_calendar_sync'."> | ... 22 more ... | SelectQueryError<...>'.
src/lib/academic-dm.server.ts(11,293): error TS2769: No overload matches this call.
src/lib/academic-dm.server.ts(11,324): error TS2322: Type 'string' is not assignable to type 'never'.
src/lib/academic-dm.server.ts(11,347): error TS2322: Type 'string' is not assignable to type 'never'.
src/lib/academic-dm.server.ts(11,369): error TS2322: Type 'string' is not assignable to type 'never'.
src/lib/academic-dm.server.ts(11,386): error TS2322: Type 'string' is not assignable to type 'never'.
src/lib/academic-dm.server.ts(11,406): error TS2322: Type 'string' is not assignable to type 'never'.
src/lib/academic-dm.server.ts(11,414): error TS2322: Type 'string' is not assignable to type 'never'.
src/lib/academic-dm.server.ts(11,419): error TS2322: Type '{ source: string; target_auth_user_id: string; }' is not assignable to type 'never'.
src/lib/academic-dm.server.ts(11,501): error TS2322: Type 'string' is not assignable to type 'never'.
src/lib/academic-dm.server.ts(11,522): error TS2322: Type 'string' is not assignable to type 'never'.
src/lib/academic-dm.server.ts(13,154): error TS2339: Property 'user_id' does not exist on type 'SelectQueryError<"column 'id' does not exist on 'app_bootstrap'."> | SelectQueryError<"column 'id' does not exist on 'appointment_calendar_sync'."> | ... 22 more ... | SelectQueryError<...>'.
src/lib/academic-dm.server.ts(13,170): error TS2339: Property 'user_id' does not exist on type 'SelectQueryError<"column 'id' does not exist on 'app_bootstrap'."> | SelectQueryError<"column 'id' does not exist on 'appointment_calendar_sync'."> | ... 22 more ... | SelectQueryError<...>'.
src/lib/academic-dm.server.ts(13,246): error TS2339: Property 'user_id' does not exist on type 'SelectQueryError<"column 'id' does not exist on 'app_bootstrap'."> | SelectQueryError<"column 'id' does not exist on 'appointment_calendar_sync'."> | ... 22 more ... | SelectQueryError<...>'.
src/lib/academic-dm.server.ts(13,346): error TS2339: Property 'user_id' does not exist on type 'SelectQueryError<"column 'id' does not exist on 'app_bootstrap'."> | SelectQueryError<"column 'id' does not exist on 'appointment_calendar_sync'."> | ... 22 more ... | SelectQueryError<...>'.
src/lib/academic-dm.server.ts(13,387): error TS2769: No overload matches this call.
src/lib/academic-dm.server.ts(13,587): error TS2769: No overload matches this call.
src/lib/academic-dm.server.ts(13,621): error TS2353: Object literal may only specify known properties, and 'user_one_id' does not exist in type 'RejectExcessProperties<{ completed?: boolean; completed_at?: string | null; id?: boolean; } | { appointment_id: string; attempts?: number; calendar_id?: string; created_at?: string; google_event_id?: string | null; ... 6 more ...; updated_at?: string; } | ... 22 more ... | { ...; }, { ...; } | ... 23 more ... | { .....'.
src/lib/academic-dm.server.ts(13,724): error TS2769: No overload matches this call.
src/lib/academic-dm.server.ts(13,935): error TS2339: Property 'id' does not exist on type 'SelectQueryError<"column 'id' does not exist on 'app_bootstrap'."> | SelectQueryError<"column 'id' does not exist on 'appointment_calendar_sync'."> | ... 22 more ... | SelectQueryError<...>'.
src/lib/academic-dm.server.ts(15,104): error TS2769: No overload matches this call.
src/lib/academic-dm.server.ts(15,430): error TS2339: Property 'id' does not exist on type 'SelectQueryError<"column 'id' does not exist on 'app_bootstrap'."> | SelectQueryError<"column 'id' does not exist on 'appointment_calendar_sync'."> | ... 22 more ... | SelectQueryError<...>'.
src/lib/academic-dm.server.ts(15,502): error TS2339: Property 'user_one_id' does not exist on type 'SelectQueryError<"column 'id' does not exist on 'app_bootstrap'."> | SelectQueryError<"column 'id' does not exist on 'appointment_calendar_sync'."> | ... 22 more ... | SelectQueryError<...>'.
src/lib/academic-dm.server.ts(15,525): error TS2339: Property 'user_two_id' does not exist on type 'SelectQueryError<"column 'id' does not exist on 'app_bootstrap'."> | SelectQueryError<"column 'id' does not exist on 'appointment_calendar_sync'."> | ... 22 more ... | SelectQueryError<...>'.
src/lib/academic-dm.server.ts(15,539): error TS2339: Property 'user_one_id' does not exist on type 'SelectQueryError<"column 'id' does not exist on 'app_bootstrap'."> | SelectQueryError<"column 'id' does not exist on 'appointment_calendar_sync'."> | ... 22 more ... | SelectQueryError<...>'.
src/lib/academic-dm.server.ts(15,770): error TS2769: No overload matches this call.
src/lib/academic-dm.server.ts(15,1072): error TS2339: Property 'conversation_id' does not exist on type 'SelectQueryError<"column 'id' does not exist on 'app_bootstrap'."> | SelectQueryError<"column 'id' does not exist on 'appointment_calendar_sync'."> | ... 22 more ... | SelectQueryError<...>'.
src/lib/academic-dm.server.ts(15,1102): error TS2339: Property 'conversation_id' does not exist on type 'SelectQueryError<"column 'id' does not exist on 'app_bootstrap'."> | SelectQueryError<"column 'id' does not exist on 'appointment_calendar_sync'."> | ... 22 more ... | SelectQueryError<...>'.
src/lib/academic-dm.server.ts(15,1126): error TS2339: Property 'sender_user_id' does not exist on type 'SelectQueryError<"column 'id' does not exist on 'app_bootstrap'."> | SelectQueryError<"column 'id' does not exist on 'appointment_calendar_sync'."> | ... 22 more ... | SelectQueryError<...>'.
src/lib/academic-dm.server.ts(15,1154): error TS2339: Property 'read_at' does not exist on type 'SelectQueryError<"column 'id' does not exist on 'app_bootstrap'."> | SelectQueryError<"column 'id' does not exist on 'appointment_calendar_sync'."> | ... 22 more ... | SelectQueryError<...>'.
src/lib/academic-dm.server.ts(15,1175): error TS2339: Property 'conversation_id' does not exist on type 'SelectQueryError<"column 'id' does not exist on 'app_bootstrap'."> | SelectQueryError<"column 'id' does not exist on 'appointment_calendar_sync'."> | ... 22 more ... | SelectQueryError<...>'.
src/lib/academic-dm.server.ts(15,1205): error TS2339: Property 'conversation_id' does not exist on type 'SelectQueryError<"column 'id' does not exist on 'app_bootstrap'."> | SelectQueryError<"column 'id' does not exist on 'appointment_calendar_sync'."> | ... 22 more ... | SelectQueryError<...>'.
src/lib/academic-dm.server.ts(15,1277): error TS2339: Property 'user_one_id' does not exist on type 'SelectQueryError<"column 'id' does not exist on 'app_bootstrap'."> | SelectQueryError<"column 'id' does not exist on 'appointment_calendar_sync'."> | ... 22 more ... | SelectQueryError<...>'.
src/lib/academic-dm.server.ts(15,1300): error TS2339: Property 'user_two_id' does not exist on type 'SelectQueryError<"column 'id' does not exist on 'app_bootstrap'."> | SelectQueryError<"column 'id' does not exist on 'appointment_calendar_sync'."> | ... 22 more ... | SelectQueryError<...>'.
src/lib/academic-dm.server.ts(15,1314): error TS2339: Property 'user_one_id' does not exist on type 'SelectQueryError<"column 'id' does not exist on 'app_bootstrap'."> | SelectQueryError<"column 'id' does not exist on 'appointment_calendar_sync'."> | ... 22 more ... | SelectQueryError<...>'.
src/lib/academic-dm.server.ts(15,1335): error TS2698: Spread types may only be created from object types.
src/lib/academic-dm.server.ts(15,1388): error TS2339: Property 'id' does not exist on type 'SelectQueryError<"column 'id' does not exist on 'app_bootstrap'."> | SelectQueryError<"column 'id' does not exist on 'appointment_calendar_sync'."> | ... 22 more ... | SelectQueryError<...>'.
src/lib/academic-dm.server.ts(15,1418): error TS2339: Property 'id' does not exist on type 'SelectQueryError<"column 'id' does not exist on 'app_bootstrap'."> | SelectQueryError<"column 'id' does not exist on 'appointment_calendar_sync'."> | ... 22 more ... | SelectQueryError<...>'.
src/lib/academic-dm.server.ts(16,41): error TS2769: No overload matches this call.
src/lib/academic-dm.server.ts(16,113): error TS2345: Argument of type '"status"' is not assignable to parameter of type 'never'.
src/lib/academic-dm.server.ts(16,283): error TS2339: Property 'requester_user_id' does not exist on type 'SelectQueryError<"column 'requester_user_id' does not exist on 'app_bootstrap'."> | SelectQueryError<"column 'requester_user_id' does not exist on 'appointment_calendar_sync'."> | ... 22 more ... | SelectQueryError<...>'.
src/lib/academic-dm.server.ts(16,312): error TS2339: Property 'receiver_user_id' does not exist on type 'SelectQueryError<"column 'requester_user_id' does not exist on 'app_bootstrap'."> | SelectQueryError<"column 'requester_user_id' does not exist on 'appointment_calendar_sync'."> | ... 22 more ... | SelectQueryError<...>'.
src/lib/academic-dm.server.ts(16,331): error TS2339: Property 'requester_user_id' does not exist on type 'SelectQueryError<"column 'requester_user_id' does not exist on 'app_bootstrap'."> | SelectQueryError<"column 'requester_user_id' does not exist on 'appointment_calendar_sync'."> | ... 22 more ... | SelectQueryError<...>'.
src/lib/academic-dm.server.ts(20,16): error TS2769: No overload matches this call.
src/lib/academic-dm.server.ts(20,45): error TS2353: Object literal may only specify known properties, and 'read_at' does not exist in type 'RejectExcessProperties<{ completed?: boolean; completed_at?: string | null; id?: boolean; } | { appointment_id?: string; attempts?: number; calendar_id?: string; created_at?: string; google_event_id?: string | null; ... 6 more ...; updated_at?: string; } | ... 22 more ... | { ...; }, { ...; } | ... 23 more ... | { ....'.
src/lib/academic-dm.server.ts(20,83): error TS2345: Argument of type '"conversation_id"' is not assignable to parameter of type 'never'.
src/lib/academic-dm.server.ts(20,121): error TS2345: Argument of type '"sender_user_id"' is not assignable to parameter of type 'never'.
src/lib/academic-dm.server.ts(21,38): error TS2769: No overload matches this call.
src/lib/academic-dm.server.ts(21,145): error TS2345: Argument of type '"conversation_id"' is not assignable to parameter of type 'never'.
src/lib/academic-dm.server.ts(22,80): error TS2339: Property 'shared_post_id' does not exist on type 'SelectQueryError<"column 'id' does not exist on 'app_bootstrap'."> | SelectQueryError<"column 'id' does not exist on 'appointment_calendar_sync'."> | ... 22 more ... | SelectQueryError<...>'.
src/lib/academic-dm.server.ts(23,52): error TS2769: No overload matches this call.
src/lib/academic-dm.server.ts(23,156): error TS2345: Argument of type '"status"' is not assignable to parameter of type 'never'.
src/lib/academic-dm.server.ts(25,52): error TS2339: Property 'anonymous' does not exist on type 'SelectQueryError<"column 'id' does not exist on 'app_bootstrap'."> | SelectQueryError<"column 'id' does not exist on 'appointment_calendar_sync'."> | ... 22 more ... | SelectQueryError<...>'.
src/lib/academic-dm.server.ts(25,81): error TS2339: Property 'id' does not exist on type 'SelectQueryError<"column 'id' does not exist on 'app_bootstrap'."> | SelectQueryError<"column 'id' does not exist on 'appointment_calendar_sync'."> | ... 22 more ... | SelectQueryError<...>'.
src/lib/academic-dm.server.ts(25,154): error TS2339: Property 'user_id' does not exist on type 'SelectQueryError<"column 'id' does not exist on 'app_bootstrap'."> | SelectQueryError<"column 'id' does not exist on 'appointment_calendar_sync'."> | ... 22 more ... | SelectQueryError<...>'.
src/lib/academic-dm.server.ts(25,181): error TS2339: Property 'id' does not exist on type 'SelectQueryError<"column 'id' does not exist on 'app_bootstrap'."> | SelectQueryError<"column 'id' does not exist on 'appointment_calendar_sync'."> | ... 22 more ... | SelectQueryError<...>'.
src/lib/academic-dm.server.ts(26,52): error TS2769: No overload matches this call.
src/lib/academic-dm.server.ts(27,80): error TS2339: Property 'storage_path' does not exist on type 'SelectQueryError<"column 'post_id' does not exist on 'app_bootstrap'."> | SelectQueryError<"column 'post_id' does not exist on 'appointment_calendar_sync'."> | ... 22 more ... | SelectQueryError<...>'.
src/lib/academic-dm.server.ts(27,115): error TS2339: Property 'post_id' does not exist on type 'SelectQueryError<"column 'post_id' does not exist on 'app_bootstrap'."> | SelectQueryError<"column 'post_id' does not exist on 'appointment_calendar_sync'."> | ... 22 more ... | SelectQueryError<...>'.
src/lib/academic-dm.server.ts(27,144): error TS2339: Property 'post_id' does not exist on type 'SelectQueryError<"column 'post_id' does not exist on 'app_bootstrap'."> | SelectQueryError<"column 'post_id' does not exist on 'appointment_calendar_sync'."> | ... 22 more ... | SelectQueryError<...>'.
src/lib/academic-dm.server.ts(27,157): error TS2339: Property 'storage_path' does not exist on type 'SelectQueryError<"column 'post_id' does not exist on 'app_bootstrap'."> | SelectQueryError<"column 'post_id' does not exist on 'appointment_calendar_sync'."> | ... 22 more ... | SelectQueryError<...>'.
src/lib/academic-dm.server.ts(29,74): error TS2339: Property 'id' does not exist on type 'SelectQueryError<"column 'id' does not exist on 'app_bootstrap'."> | SelectQueryError<"column 'id' does not exist on 'appointment_calendar_sync'."> | ... 22 more ... | SelectQueryError<...>'.
src/lib/academic-dm.server.ts(29,88): error TS2339: Property 'id' does not exist on type 'SelectQueryError<"column 'id' does not exist on 'app_bootstrap'."> | SelectQueryError<"column 'id' does not exist on 'appointment_calendar_sync'."> | ... 22 more ... | SelectQueryError<...>'.
src/lib/academic-dm.server.ts(29,92): error TS2698: Spread types may only be created from object types.
src/lib/academic-dm.server.ts(29,144): error TS2339: Property 'id' does not exist on type 'SelectQueryError<"column 'id' does not exist on 'app_bootstrap'."> | SelectQueryError<"column 'id' does not exist on 'appointment_calendar_sync'."> | ... 22 more ... | SelectQueryError<...>'.
src/lib/academic-dm.server.ts(30,58): error TS2698: Spread types may only be created from object types.
src/lib/academic-dm.server.ts(30,94): error TS2339: Property 'sender_user_id' does not exist on type 'SelectQueryError<"column 'id' does not exist on 'app_bootstrap'."> | SelectQueryError<"column 'id' does not exist on 'appointment_calendar_sync'."> | ... 22 more ... | SelectQueryError<...>'.
src/lib/academic-dm.server.ts(30,143): error TS2339: Property 'shared_post_id' does not exist on type 'SelectQueryError<"column 'id' does not exist on 'app_bootstrap'."> | SelectQueryError<"column 'id' does not exist on 'appointment_calendar_sync'."> | ... 22 more ... | SelectQueryError<...>'.
src/lib/academic-dm.server.ts(33,389): error TS2769: No overload matches this call.
src/lib/academic-dm.server.ts(33,423): error TS2345: Argument of type '"id"' is not assignable to parameter of type 'never'.
src/lib/academic-dm.server.ts(33,445): error TS2345: Argument of type '"status"' is not assignable to parameter of type 'never'.
src/lib/academic-dm.server.ts(33,540): error TS2339: Property 'id' does not exist on type 'SelectQueryError<"column 'id' does not exist on 'app_bootstrap'."> | SelectQueryError<"column 'id' does not exist on 'appointment_calendar_sync'."> | ... 22 more ... | SelectQueryError<...>'.
src/lib/academic-dm.server.ts(33,576): error TS2769: No overload matches this call.
src/lib/academic-dm.server.ts(33,605): error TS2353: Object literal may only specify known properties, and 'conversation_id' does not exist in type 'RejectExcessProperties<{ completed?: boolean; completed_at?: string | null; id?: boolean; } | { appointment_id: string; attempts?: number; calendar_id?: string; created_at?: string; google_event_id?: string | null; ... 6 more ...; updated_at?: string; } | ... 22 more ... | { ...; }, { ...; } | ... 23 more ... | { .....'.
src/lib/academic-dm.server.ts(33,807): error TS2339: Property 'created_at' does not exist on type 'SelectQueryError<"column 'id' does not exist on 'app_bootstrap'."> | SelectQueryError<"column 'id' does not exist on 'appointment_calendar_sync'."> | ... 22 more ... | SelectQueryError<...>'.
src/lib/academic-dm.server.ts(33,858): error TS2769: No overload matches this call.
src/lib/academic-dm.server.ts(33,892): error TS2322: Type 'any' is not assignable to type 'never'.
src/lib/academic-dm.server.ts(33,912): error TS2322: Type 'any' is not assignable to type 'never'.
src/lib/academic-dm.server.ts(33,932): error TS2345: Argument of type '"id"' is not assignable to parameter of type 'never'.
src/lib/academic-dm.server.ts(33,985): error TS2339: Property 'user_one_id' does not exist on type 'SelectQueryError<"column 'id' does not exist on 'app_bootstrap'."> | SelectQueryError<"column 'id' does not exist on 'appointment_calendar_sync'."> | ... 22 more ... | SelectQueryError<...>'.
src/lib/academic-dm.server.ts(33,1019): error TS2339: Property 'user_two_id' does not exist on type 'SelectQueryError<"column 'id' does not exist on 'app_bootstrap'."> | SelectQueryError<"column 'id' does not exist on 'appointment_calendar_sync'."> | ... 22 more ... | SelectQueryError<...>'.
src/lib/academic-dm.server.ts(33,1044): error TS2339: Property 'user_one_id' does not exist on type 'SelectQueryError<"column 'id' does not exist on 'app_bootstrap'."> | SelectQueryError<"column 'id' does not exist on 'appointment_calendar_sync'."> | ... 22 more ... | SelectQueryError<...>'.
src/lib/academic-dm.server.ts(35,251): error TS2339: Property 'id' does not exist on type 'SelectQueryError<"column 'id' does not exist on 'app_bootstrap'."> | SelectQueryError<"column 'id' does not exist on 'appointment_calendar_sync'."> | ... 22 more ... | SelectQueryError<...>'.
src/routes/_clientarea.cliente.rede-academica.chat.tsx(26,130): error TS2339: Property 'id' does not exist on type 'SelectQueryError<"column 'id' does not exist on 'app_bootstrap'."> | SelectQueryError<"column 'id' does not exist on 'appointment_calendar_sync'."> | ... 22 more ... | SelectQueryError<...>'.
